
> frontend@0.1.0 build
> next build

node.exe : 'next' is 
not recognized as an 
internal or external 
command,
At C:\nvm4w\nodejs\npm
.ps1:29 char:3
+   & $NODE_EXE 
$NPM_CLI_JS $args
+   ~~~~~~~~~~~~~~~~~~
~~~~~~~~~~~
    + CategoryInfo    
          : NotSpeci  
  fied: ('next' is    
 not r...ternal co    
mmand,:String) []    
, RemoteException
    + FullyQualifiedE 
   rrorId : NativeCo  
  mmandError
 
operable program or 
batch file.
npm error Lifecycle 
script `build` failed 
with error:
npm error code 1
npm error path C:\User
s\SKYNET\Desktop\layef
a-smartcampus-360\fron
tend
npm error workspace 
frontend@0.1.0
npm error location C:\
Users\SKYNET\Desktop\l
ayefa-smartcampus-360\
frontend
npm error command 
failed
npm error command C:\W
INDOWS\system32\cmd.ex
e /d /s /c next build
